
> stardust-offline@2.0.0 build
> npm run build:electron


> stardust-offline@2.0.0 build:electron
> npm run build:renderer && electron-builder


> stardust-offline@2.0.0 build:renderer
> vite build

[36mvite v7.2.6 [32mbuilding client environment for production...[36m[39m
transforming...
[32mΓ£ô[39m 2177 modules transformed.
rendering chunks...
computing gzip size...
[2mdist/[22m[32mindex.html                 [39m[1m[2m  0.93 kB[22m[1m[22m[2m Γöé gzip:   0.51 kB[22m
[2mdist/[22m[35massets/index-nXWjyxSt.css  [39m[1m[2m 45.51 kB[22m[1m[22m[2m Γöé gzip:   8.65 kB[22m
[2mdist/[22m[36massets/index-Bu2_jYoD.js   [39m[1m[33m782.96 kB[39m[22m[2m Γöé gzip: 250.20 kB[22m

(!) Some chunks are larger than 500 kB after minification. Consider:
- Using dynamic import() to code-split the application
- Use build.rollupOptions.output.manualChunks to improve chunking: https://rollupjs.org/configuration-options/#output-manualchunks
- Adjust chunk size limit for this warning via build.chunkSizeWarningLimit.
[32mΓ£ô built in 15.71s[39m
  ΓÇó electron-builder  version=25.1.8 os=10.0.26200
  ΓÇó loaded configuration  file=package.json ("build" field)
  ΓÇó executing @electron/rebuild  electronVersion=32.3.3 arch=x64 buildFromSource=false appDir=./
  ΓÇó installing native dependencies  arch=x64
  ΓÇó completed installing native dependencies
  ΓÇó packaging       platform=win32 arch=x64 electron=32.3.3 appOutDir=dist-electron\win-unpacked
  ΓÇó downloading     url=https://github.com/electron/electron/releases/download/v32.3.3/electron-v32.3.3-win32-x64.zip size=113 MB parts=8
  ΓÇó downloaded      url=https://github.com/electron/electron/releases/download/v32.3.3/electron-v32.3.3-win32-x64.zip duration=29.895s
  ΓÇó updating asar integrity executable resource  executablePath=dist-electron\win-unpacked\Stardust.exe
  Γ¿» png: invalid format: too much pixel data
github.com/develar/go-fs-util.CloseAndCheckError
	/Users/runner/go/pkg/mod/github.com/develar/go-fs-util@v0.0.0-20190620175131-69a2d4542206/fs.go:117
github.com/develar/app-builder/pkg/icons.DecodeImageAndClose
	/Users/runner/work/app-builder/app-builder/pkg/icons/image-util.go:90
github.com/develar/app-builder/pkg/icons.LoadImage
	/Users/runner/work/app-builder/app-builder/pkg/icons/image-util.go:61
github.com/develar/app-builder/pkg/icons.loadImage
	/Users/runner/work/app-builder/app-builder/pkg/icons/icon-converter.go:342
github.com/develar/app-builder/pkg/icons.configureInputInfoFromSingleFile
	/Users/runner/work/app-builder/app-builder/pkg/icons/icon-converter.go:324
github.com/develar/app-builder/pkg/icons.doConvertIcon
	/Users/runner/work/app-builder/app-builder/pkg/icons/icon-converter.go:249
github.com/develar/app-builder/pkg/icons.ConvertIcon
	/Users/runner/work/app-builder/app-builder/pkg/icons/icon-converter.go:56
github.com/develar/app-builder/pkg/icons.ConfigureCommand.func1
	/Users/runner/work/app-builder/app-builder/pkg/icons/icon-converter.go:33
github.com/alecthomas/kingpin.(*actionMixin).applyActions
	/Users/runner/go/pkg/mod/github.com/alecthomas/kingpin@v2.2.6+incompatible/actions.go:28
github.com/alecthomas/kingpin.(*Application).applyActions
	/Users/runner/go/pkg/mod/github.com/alecthomas/kingpin@v2.2.6+incompatible/app.go:557
github.com/alecthomas/kingpin.(*Application).execute
	/Users/runner/go/pkg/mod/github.com/alecthomas/kingpin@v2.2.6+incompatible/app.go:390
github.com/alecthomas/kingpin.(*Application).Parse
	/Users/runner/go/pkg/mod/github.com/alecthomas/kingpin@v2.2.6+incompatible/app.go:222
main.main
	/Users/runner/work/app-builder/app-builder/main.go:90
runtime.main
	/Users/runner/hostedtoolcache/go/1.21.13/arm64/src/runtime/proc.go:267
runtime.goexit
	/Users/runner/hostedtoolcache/go/1.21.13/arm64/src/runtime/asm_amd64.s:1650  
  Γ¿» D:\Downloads\antigravityfiles\ofline stardust\node_modules\app-builder-bin\win\x64\app-builder.exe process failed ERR_ELECTRON_BUILDER_CANNOT_EXECUTE
Exit code:
1  failedTask=build stackTrace=Error: D:\Downloads\antigravityfiles\ofline stardust\node_modules\app-builder-bin\win\x64\app-builder.exe process failed ERR_ELECTRON_BUILDER_CANNOT_EXECUTE
Exit code:
1
    at ChildProcess.<anonymous> (D:\Downloads\antigravityfiles\ofline stardust\node_modules\builder-util\src\util.ts:255:14)
    at Object.onceWrapper (node:events:633:26)
    at ChildProcess.emit (node:events:518:28)
    at ChildProcess.cp.emit (D:\Downloads\antigravityfiles\ofline stardust\node_modules\cross-spawn\lib\enoent.js:34:29)
    at maybeClose (node:internal/child_process:1101:16)
    at Process.ChildProcess._handle.onexit (node:internal/child_process:304:5)
From previous event:
    at processImmediate (node:internal/timers:485:21)
From previous event:
    at WinPackager.signApp (D:\Downloads\antigravityfiles\ofline stardust\node_modules\app-builder-lib\src\winPackager.ts:270:27)
    at WinPackager.doSignAfterPack (D:\Downloads\antigravityfiles\ofline stardust\node_modules\app-builder-lib\src\platformPackager.ts:346:32)
    at WinPackager.doPack (D:\Downloads\antigravityfiles\ofline stardust\node_modules\app-builder-lib\src\platformPackager.ts:331:7)
    at WinPackager.pack (D:\Downloads\antigravityfiles\ofline stardust\node_modules\app-builder-lib\src\platformPackager.ts:138:5)
    at Packager.doBuild (D:\Downloads\antigravityfiles\ofline stardust\node_modules\app-builder-lib\src\packager.ts:459:9)
    at executeFinally (D:\Downloads\antigravityfiles\ofline stardust\node_modules\builder-util\src\promise.ts:12:14)
    at Packager.build (D:\Downloads\antigravityfiles\ofline stardust\node_modules\app-builder-lib\src\packager.ts:393:31)
    at executeFinally (D:\Downloads\antigravityfiles\ofline stardust\node_modules\builder-util\src\promise.ts:12:14)
